[2017-06-25T19:08:53,400][INFO ][o.e.n.Node               ] [] initializing ...
[2017-06-25T19:08:53,686][INFO ][o.e.e.NodeEnvironment    ] [MK5WCVO] using [1] data paths, mounts [[/ (/dev/sda1)]], net usable_space [45.8gb], net total_space [58.8gb], spins? [possibly], types [ext4]
[2017-06-25T19:08:53,687][INFO ][o.e.e.NodeEnvironment    ] [MK5WCVO] heap size [1.9gb], compressed ordinary object pointers [true]
[2017-06-25T19:08:53,976][INFO ][o.e.n.Node               ] node name [MK5WCVO] derived from node ID [MK5WCVOCQ1ejo1jKafY0qA]; set [node.name] to override
[2017-06-25T19:08:53,976][INFO ][o.e.n.Node               ] version[5.4.1], pid[9586], build[2cfe0df/2017-05-29T16:05:51.443Z], OS[Linux/4.10.0-24-generic/amd64], JVM[Oracle Corporation/Java HotSpot(TM) 64-Bit Server VM/1.8.0_131/25.131-b11]
[2017-06-25T19:08:53,976][INFO ][o.e.n.Node               ] JVM arguments [-Xms2g, -Xmx2g, -XX:+UseConcMarkSweepGC, -XX:CMSInitiatingOccupancyFraction=75, -XX:+UseCMSInitiatingOccupancyOnly, -XX:+DisableExplicitGC, -XX:+AlwaysPreTouch, -Xss1m, -Djava.awt.headless=true, -Dfile.encoding=UTF-8, -Djna.nosys=true, -Djdk.io.permissionsUseCanonicalPath=true, -Dio.netty.noUnsafe=true, -Dio.netty.noKeySetOptimization=true, -Dio.netty.recycler.maxCapacityPerThread=0, -Dlog4j.shutdownHookEnabled=false, -Dlog4j2.disable.jmx=true, -Dlog4j.skipJansi=true, -XX:+HeapDumpOnOutOfMemoryError, -Des.path.home=/usr/local/elastic]
[2017-06-25T19:08:56,562][INFO ][o.e.p.PluginsService     ] [MK5WCVO] loaded module [aggs-matrix-stats]
[2017-06-25T19:08:56,563][INFO ][o.e.p.PluginsService     ] [MK5WCVO] loaded module [ingest-common]
[2017-06-25T19:08:56,563][INFO ][o.e.p.PluginsService     ] [MK5WCVO] loaded module [lang-expression]
[2017-06-25T19:08:56,563][INFO ][o.e.p.PluginsService     ] [MK5WCVO] loaded module [lang-groovy]
[2017-06-25T19:08:56,563][INFO ][o.e.p.PluginsService     ] [MK5WCVO] loaded module [lang-mustache]
[2017-06-25T19:08:56,563][INFO ][o.e.p.PluginsService     ] [MK5WCVO] loaded module [lang-painless]
[2017-06-25T19:08:56,564][INFO ][o.e.p.PluginsService     ] [MK5WCVO] loaded module [percolator]
[2017-06-25T19:08:56,564][INFO ][o.e.p.PluginsService     ] [MK5WCVO] loaded module [reindex]
[2017-06-25T19:08:56,564][INFO ][o.e.p.PluginsService     ] [MK5WCVO] loaded module [transport-netty3]
[2017-06-25T19:08:56,564][INFO ][o.e.p.PluginsService     ] [MK5WCVO] loaded module [transport-netty4]
[2017-06-25T19:08:56,565][INFO ][o.e.p.PluginsService     ] [MK5WCVO] no plugins loaded
[2017-06-25T19:08:59,337][INFO ][o.e.d.DiscoveryModule    ] [MK5WCVO] using discovery type [zen]
[2017-06-25T19:09:00,230][INFO ][o.e.n.Node               ] initialized
[2017-06-25T19:09:00,230][INFO ][o.e.n.Node               ] [MK5WCVO] starting ...
[2017-06-25T19:09:00,601][INFO ][o.e.t.TransportService   ] [MK5WCVO] publish_address {127.0.0.1:9300}, bound_addresses {[::1]:9300}, {127.0.0.1:9300}
[2017-06-25T19:09:00,607][WARN ][o.e.b.BootstrapChecks    ] [MK5WCVO] max file descriptors [4096] for elasticsearch process is too low, increase to at least [65536]
[2017-06-25T19:09:00,607][WARN ][o.e.b.BootstrapChecks    ] [MK5WCVO] max virtual memory areas vm.max_map_count [65530] is too low, increase to at least [262144]
[2017-06-25T19:09:03,700][INFO ][o.e.c.s.ClusterService   ] [MK5WCVO] new_master {MK5WCVO}{MK5WCVOCQ1ejo1jKafY0qA}{0vwxzEJZR1KPUUTyYJAMSQ}{127.0.0.1}{127.0.0.1:9300}, reason: zen-disco-elected-as-master ([0] nodes joined)
[2017-06-25T19:09:03,800][INFO ][o.e.h.n.Netty4HttpServerTransport] [MK5WCVO] publish_address {127.0.0.1:9200}, bound_addresses {[::1]:9200}, {127.0.0.1:9200}
[2017-06-25T19:09:03,803][INFO ][o.e.n.Node               ] [MK5WCVO] started
[2017-06-25T19:09:04,327][INFO ][o.e.g.GatewayService     ] [MK5WCVO] recovered [7] indices into cluster_state
[2017-06-25T19:09:08,248][INFO ][o.e.c.r.a.AllocationService] [MK5WCVO] Cluster health status changed from [RED] to [YELLOW] (reason: [shards started [[.kibana][0], [filebeat-2017.06.21][3]] ...]).
[2017-06-25T19:12:41,633][INFO ][o.e.c.m.MetaDataDeleteIndexService] [MK5WCVO] [seoul-metro-2014/M6rdF1lVTlq7WTMT9nSz_Q] deleting index
[2017-06-25T19:33:00,509][WARN ][o.e.m.j.JvmGcMonitorService] [MK5WCVO] [gc][young][1427][4] duration [11.1s], collections [1]/[11.2s], total [11.1s]/[11.2s], memory [366.6mb]->[174.5mb]/[1.9gb], all_pools {[young] [266.2mb]->[2.3mb]/[266.2mb]}{[survivor] [33.2mb]->[32.5mb]/[33.2mb]}{[old] [67.1mb]->[139.7mb]/[1.6gb]}
[2017-06-25T19:33:00,510][WARN ][o.e.m.j.JvmGcMonitorService] [MK5WCVO] [gc][1427] overhead, spent [11.1s] collecting in the last [11.2s]
[2017-06-25T19:36:55,171][INFO ][o.e.c.m.MetaDataCreateIndexService] [MK5WCVO] [seoul-metro-2014] creating index, cause [api], templates [], shards [5]/[1], mappings [seoul-metro]
[2017-06-25T19:37:43,204][INFO ][o.e.c.m.MetaDataDeleteIndexService] [MK5WCVO] [seoul-metro-2014/p6X5lyEhT-u_WihMnTCEew] deleting index
[2017-06-25T19:40:51,960][INFO ][o.e.c.m.MetaDataCreateIndexService] [MK5WCVO] [seoul-metro-2014] creating index, cause [auto(bulk api)], templates [], shards [5]/[1], mappings []
[2017-06-25T19:40:52,510][INFO ][o.e.c.m.MetaDataMappingService] [MK5WCVO] [seoul-metro-2014/d5Okk40GTNmd0CQ6UfYjOg] create_mapping [seoul-metro]
[2017-06-25T19:45:02,074][INFO ][o.e.c.m.MetaDataDeleteIndexService] [MK5WCVO] [seoul-metro-2014/d5Okk40GTNmd0CQ6UfYjOg] deleting index
[2017-06-25T19:46:03,394][INFO ][o.e.c.m.MetaDataCreateIndexService] [MK5WCVO] [seoul-metro-2014] creating index, cause [api], templates [], shards [5]/[1], mappings [seoul-metro]
[2017-06-25T20:02:17,280][WARN ][o.e.m.j.JvmGcMonitorService] [MK5WCVO] [gc][young][3181][5] duration [1.1s], collections [1]/[1.3s], total [1.1s]/[12.3s], memory [437.9mb]->[166mb]/[1.9gb], all_pools {[young] [265.7mb]->[934.5kb]/[266.2mb]}{[survivor] [32.5mb]->[4.7mb]/[33.2mb]}{[old] [139.7mb]->[160.4mb]/[1.6gb]}
[2017-06-25T20:02:17,301][WARN ][o.e.m.j.JvmGcMonitorService] [MK5WCVO] [gc][3181] overhead, spent [1.1s] collecting in the last [1.3s]
[2017-06-25T20:45:12,130][INFO ][o.e.c.m.MetaDataMappingService] [MK5WCVO] [seoul-metro-2014/HK726IgMT5WSRsMPJuxODA] update_mapping [seoul-metro]
[2017-06-25T20:45:15,048][INFO ][o.e.m.j.JvmGcMonitorService] [MK5WCVO] [gc][5755] overhead, spent [417ms] collecting in the last [1.3s]
[2017-06-25T20:45:25,435][INFO ][o.e.m.j.JvmGcMonitorService] [MK5WCVO] [gc][5765] overhead, spent [460ms] collecting in the last [1s]
[2017-06-25T20:45:44,494][INFO ][o.e.m.j.JvmGcMonitorService] [MK5WCVO] [gc][5784] overhead, spent [263ms] collecting in the last [1s]
[2017-06-25T20:46:36,747][INFO ][o.e.m.j.JvmGcMonitorService] [MK5WCVO] [gc][5836] overhead, spent [407ms] collecting in the last [1s]
[2017-06-25T20:46:44,013][INFO ][o.e.m.j.JvmGcMonitorService] [MK5WCVO] [gc][5843] overhead, spent [269ms] collecting in the last [1s]
[2017-06-25T20:47:17,131][INFO ][o.e.m.j.JvmGcMonitorService] [MK5WCVO] [gc][5875] overhead, spent [342ms] collecting in the last [1s]
[2017-06-25T20:47:28,008][INFO ][o.e.m.j.JvmGcMonitorService] [MK5WCVO] [gc][5885] overhead, spent [289ms] collecting in the last [1s]
[2017-06-25T20:49:07,326][INFO ][o.e.m.j.JvmGcMonitorService] [MK5WCVO] [gc][5984] overhead, spent [336ms] collecting in the last [1.1s]
[2017-06-25T20:50:08,749][INFO ][o.e.m.j.JvmGcMonitorService] [MK5WCVO] [gc][6045] overhead, spent [367ms] collecting in the last [1s]
[2017-06-25T20:55:28,554][INFO ][o.e.m.j.JvmGcMonitorService] [MK5WCVO] [gc][young][6362][518] duration [817ms], collections [1]/[1.1s], total [817ms]/[39.5s], memory [518.6mb]->[308mb]/[1.9gb], all_pools {[young] [207mb]->[96.3kb]/[266.2mb]}{[survivor] [17.6mb]->[13.8mb]/[33.2mb]}{[old] [293.8mb]->[294.1mb]/[1.6gb]}
[2017-06-25T20:55:28,647][WARN ][o.e.m.j.JvmGcMonitorService] [MK5WCVO] [gc][6362] overhead, spent [817ms] collecting in the last [1.1s]
[2017-06-25T20:55:45,032][INFO ][o.e.m.j.JvmGcMonitorService] [MK5WCVO] [gc][6378] overhead, spent [252ms] collecting in the last [1s]
[2017-06-25T20:56:46,253][WARN ][o.e.m.j.JvmGcMonitorService] [MK5WCVO] [gc][6439] overhead, spent [523ms] collecting in the last [1s]
[2017-06-25T21:44:46,248][INFO ][o.e.m.j.JvmGcMonitorService] [MK5WCVO] [gc][9315] overhead, spent [293ms] collecting in the last [1.1s]
[2017-06-25T21:46:10,647][INFO ][o.e.c.m.MetaDataDeleteIndexService] [MK5WCVO] [seoul-metro-2014/HK726IgMT5WSRsMPJuxODA] deleting index
[2017-06-25T21:46:34,400][INFO ][o.e.c.m.MetaDataCreateIndexService] [MK5WCVO] [seoul-metro-2014] creating index, cause [api], templates [], shards [5]/[1], mappings [seoul-metro]
[2017-06-25T21:50:55,074][INFO ][o.e.c.m.MetaDataMappingService] [MK5WCVO] [seoul-metro-2014/F3Zol3w_Qc6U3PD5r3aq3g] update_mapping [seoul-metro]
[2017-06-25T21:51:35,906][INFO ][o.e.m.j.JvmGcMonitorService] [MK5WCVO] [gc][9723] overhead, spent [450ms] collecting in the last [1s]
[2017-06-25T21:51:49,017][INFO ][o.e.m.j.JvmGcMonitorService] [MK5WCVO] [gc][9736] overhead, spent [273ms] collecting in the last [1s]
[2017-06-25T21:52:58,281][INFO ][o.e.m.j.JvmGcMonitorService] [MK5WCVO] [gc][9805] overhead, spent [318ms] collecting in the last [1s]
[2017-06-25T21:55:26,052][INFO ][o.e.m.j.JvmGcMonitorService] [MK5WCVO] [gc][9952] overhead, spent [318ms] collecting in the last [1s]
[2017-06-25T21:56:15,511][INFO ][o.e.m.j.JvmGcMonitorService] [MK5WCVO] [gc][10001] overhead, spent [321ms] collecting in the last [1s]
[2017-06-25T21:57:20,733][INFO ][o.e.m.j.JvmGcMonitorService] [MK5WCVO] [gc][young][10065][947] duration [742ms], collections [1]/[1.6s], total [742ms]/[1m], memory [622.8mb]->[415.3mb]/[1.9gb], all_pools {[young] [202.9mb]->[3.3mb]/[266.2mb]}{[survivor] [19.9mb]->[11.9mb]/[33.2mb]}{[old] [399.9mb]->[400mb]/[1.6gb]}
[2017-06-25T21:57:20,777][INFO ][o.e.m.j.JvmGcMonitorService] [MK5WCVO] [gc][10065] overhead, spent [742ms] collecting in the last [1.6s]
[2017-06-25T21:58:00,810][INFO ][o.e.m.j.JvmGcMonitorService] [MK5WCVO] [gc][10105] overhead, spent [461ms] collecting in the last [1s]
[2017-06-25T22:01:37,230][INFO ][o.e.m.j.JvmGcMonitorService] [MK5WCVO] [gc][10320] overhead, spent [345ms] collecting in the last [1s]
[2017-06-25T22:02:42,068][INFO ][o.e.m.j.JvmGcMonitorService] [MK5WCVO] [gc][young][10384][1206] duration [892ms], collections [1]/[1.2s], total [892ms]/[1.1m], memory [577.6mb]->[469.6mb]/[1.9gb], all_pools {[young] [103.2mb]->[38.1kb]/[266.2mb]}{[survivor] [16.6mb]->[11.8mb]/[33.2mb]}{[old] [457.7mb]->[457.8mb]/[1.6gb]}
[2017-06-25T22:02:42,181][WARN ][o.e.m.j.JvmGcMonitorService] [MK5WCVO] [gc][10384] overhead, spent [892ms] collecting in the last [1.2s]
[2017-06-25T22:15:18,675][INFO ][o.e.n.Node               ] [MK5WCVO] stopping ...
[2017-06-25T22:15:18,833][INFO ][o.e.n.Node               ] [MK5WCVO] stopped
[2017-06-25T22:15:18,833][INFO ][o.e.n.Node               ] [MK5WCVO] closing ...
[2017-06-25T22:15:18,973][INFO ][o.e.n.Node               ] [MK5WCVO] closed
